Archive member included because of file (symbol)

d:/programs/gnu tools arm embedded/4.9 2015q1/bin/../lib/gcc/arm-none-eabi/4.9.3/../../../../arm-none-eabi/lib/armv7-m\libg.a(lib_a-exit.o)
                              d:/programs/gnu tools arm embedded/4.9 2015q1/bin/../lib/gcc/arm-none-eabi/4.9.3/../../../../arm-none-eabi/lib/armv7-m/crt0.o (exit)
d:/programs/gnu tools arm embedded/4.9 2015q1/bin/../lib/gcc/arm-none-eabi/4.9.3/../../../../arm-none-eabi/lib/armv7-m\libg.a(lib_a-impure.o)
                              d:/programs/gnu tools arm embedded/4.9 2015q1/bin/../lib/gcc/arm-none-eabi/4.9.3/../../../../arm-none-eabi/lib/armv7-m\libg.a(lib_a-exit.o) (_global_impure_ptr)
d:/programs/gnu tools arm embedded/4.9 2015q1/bin/../lib/gcc/arm-none-eabi/4.9.3/../../../../arm-none-eabi/lib/armv7-m\libg.a(lib_a-init.o)
                              d:/programs/gnu tools arm embedded/4.9 2015q1/bin/../lib/gcc/arm-none-eabi/4.9.3/../../../../arm-none-eabi/lib/armv7-m/crt0.o (__libc_init_array)
d:/programs/gnu tools arm embedded/4.9 2015q1/bin/../lib/gcc/arm-none-eabi/4.9.3/../../../../arm-none-eabi/lib/armv7-m\libg.a(lib_a-memset.o)
                              d:/programs/gnu tools arm embedded/4.9 2015q1/bin/../lib/gcc/arm-none-eabi/4.9.3/../../../../arm-none-eabi/lib/armv7-m/crt0.o (memset)
d:/programs/gnu tools arm embedded/4.9 2015q1/bin/../lib/gcc/arm-none-eabi/4.9.3/../../../../arm-none-eabi/lib/armv7-m\libg.a(lib_a-__call_atexit.o)
                              d:/programs/gnu tools arm embedded/4.9 2015q1/bin/../lib/gcc/arm-none-eabi/4.9.3/../../../../arm-none-eabi/lib/armv7-m\libg.a(lib_a-exit.o) (__call_exitprocs)
d:/programs/gnu tools arm embedded/4.9 2015q1/bin/../lib/gcc/arm-none-eabi/4.9.3/../../../../arm-none-eabi/lib/armv7-m\libg.a(lib_a-atexit.o)
                              d:/programs/gnu tools arm embedded/4.9 2015q1/bin/../lib/gcc/arm-none-eabi/4.9.3/../../../../arm-none-eabi/lib/armv7-m\libg.a(lib_a-__call_atexit.o) (atexit)
d:/programs/gnu tools arm embedded/4.9 2015q1/bin/../lib/gcc/arm-none-eabi/4.9.3/../../../../arm-none-eabi/lib/armv7-m\libg.a(lib_a-fini.o)
                              d:/programs/gnu tools arm embedded/4.9 2015q1/bin/../lib/gcc/arm-none-eabi/4.9.3/../../../../arm-none-eabi/lib/armv7-m\libg.a(lib_a-__call_atexit.o) (__libc_fini_array)
d:/programs/gnu tools arm embedded/4.9 2015q1/bin/../lib/gcc/arm-none-eabi/4.9.3/../../../../arm-none-eabi/lib/armv7-m\libg.a(lib_a-__atexit.o)
                              d:/programs/gnu tools arm embedded/4.9 2015q1/bin/../lib/gcc/arm-none-eabi/4.9.3/../../../../arm-none-eabi/lib/armv7-m\libg.a(lib_a-atexit.o) (__register_exitproc)

Allocating common symbols
Common symbol       size              file

globalData          0xc               ..\obj\USART.o

Discarded input sections

 .text          0x00000000        0x0 d:/programs/gnu tools arm embedded/4.9 2015q1/bin/../lib/gcc/arm-none-eabi/4.9.3/armv7-m/crti.o
 .data          0x00000000        0x0 d:/programs/gnu tools arm embedded/4.9 2015q1/bin/../lib/gcc/arm-none-eabi/4.9.3/armv7-m/crti.o
 .bss           0x00000000        0x0 d:/programs/gnu tools arm embedded/4.9 2015q1/bin/../lib/gcc/arm-none-eabi/4.9.3/armv7-m/crti.o
 .data          0x00000000        0x4 d:/programs/gnu tools arm embedded/4.9 2015q1/bin/../lib/gcc/arm-none-eabi/4.9.3/armv7-m/crtbegin.o
 .text          0x00000000       0x74 d:/programs/gnu tools arm embedded/4.9 2015q1/bin/../lib/gcc/arm-none-eabi/4.9.3/../../../../arm-none-eabi/lib/armv7-m/crt0.o
 .data          0x00000000        0x0 d:/programs/gnu tools arm embedded/4.9 2015q1/bin/../lib/gcc/arm-none-eabi/4.9.3/../../../../arm-none-eabi/lib/armv7-m/crt0.o
 .bss           0x00000000        0x0 d:/programs/gnu tools arm embedded/4.9 2015q1/bin/../lib/gcc/arm-none-eabi/4.9.3/../../../../arm-none-eabi/lib/armv7-m/crt0.o
 .ARM.extab     0x00000000        0x0 d:/programs/gnu tools arm embedded/4.9 2015q1/bin/../lib/gcc/arm-none-eabi/4.9.3/../../../../arm-none-eabi/lib/armv7-m/crt0.o
 .ARM.exidx     0x00000000        0x8 d:/programs/gnu tools arm embedded/4.9 2015q1/bin/../lib/gcc/arm-none-eabi/4.9.3/../../../../arm-none-eabi/lib/armv7-m/crt0.o
 .ARM.attributes
                0x00000000       0x1b d:/programs/gnu tools arm embedded/4.9 2015q1/bin/../lib/gcc/arm-none-eabi/4.9.3/../../../../arm-none-eabi/lib/armv7-m/crt0.o
 .data          0x00000000        0x0 ..\obj\LED.o
 .bss           0x00000000        0x0 ..\obj\LED.o
 .data          0x00000000        0x0 ..\obj\stm32f10x_usart.o
 .bss           0x00000000        0x0 ..\obj\stm32f10x_usart.o
 .data          0x00000000        0x0 ..\obj\NVIC.o
 .bss           0x00000000        0x0 ..\obj\NVIC.o
 .bss           0x00000000        0x0 ..\obj\stm32f10x_rcc.o
 .data          0x00000000        0x0 ..\obj\misc.o
 .bss           0x00000000        0x0 ..\obj\misc.o
 .text          0x00000000       0xd0 ..\obj\stm32f10x_crc.o
 .data          0x00000000        0x0 ..\obj\stm32f10x_crc.o
 .bss           0x00000000        0x0 ..\obj\stm32f10x_crc.o
 .debug_info    0x00000000      0x208 ..\obj\stm32f10x_crc.o
 .debug_abbrev  0x00000000      0x114 ..\obj\stm32f10x_crc.o
 .debug_aranges
                0x00000000       0x20 ..\obj\stm32f10x_crc.o
 .debug_line    0x00000000      0x1ef ..\obj\stm32f10x_crc.o
 .debug_str     0x00000000      0x261 ..\obj\stm32f10x_crc.o
 .comment       0x00000000       0x71 ..\obj\stm32f10x_crc.o
 .debug_frame   0x00000000       0xe8 ..\obj\stm32f10x_crc.o
 .ARM.attributes
                0x00000000       0x33 ..\obj\stm32f10x_crc.o
 .text          0x00000000      0x118 ..\obj\stm32f10x_wwdg.o
 .data          0x00000000        0x0 ..\obj\stm32f10x_wwdg.o
 .bss           0x00000000        0x0 ..\obj\stm32f10x_wwdg.o
 .debug_info    0x00000000      0x22e ..\obj\stm32f10x_wwdg.o
 .debug_abbrev  0x00000000      0x117 ..\obj\stm32f10x_wwdg.o
 .debug_aranges
                0x00000000       0x20 ..\obj\stm32f10x_wwdg.o
 .debug_line    0x00000000      0x1ef ..\obj\stm32f10x_wwdg.o
 .debug_str     0x00000000      0x283 ..\obj\stm32f10x_wwdg.o
 .comment       0x00000000       0x71 ..\obj\stm32f10x_wwdg.o
 .debug_frame   0x00000000      0x12c ..\obj\stm32f10x_wwdg.o
 .ARM.attributes
                0x00000000       0x33 ..\obj\stm32f10x_wwdg.o
 .text          0x00000000      0x94c ..\obj\stm32f10x_fsmc.o
 .data          0x00000000        0x0 ..\obj\stm32f10x_fsmc.o
 .bss           0x00000000        0x0 ..\obj\stm32f10x_fsmc.o
 .debug_info    0x00000000      0x8f4 ..\obj\stm32f10x_fsmc.o
 .debug_abbrev  0x00000000      0x170 ..\obj\stm32f10x_fsmc.o
 .debug_aranges
                0x00000000       0x20 ..\obj\stm32f10x_fsmc.o
 .debug_line    0x00000000      0x348 ..\obj\stm32f10x_fsmc.o
 .debug_str     0x00000000      0x7a0 ..\obj\stm32f10x_fsmc.o
 .comment       0x00000000       0x71 ..\obj\stm32f10x_fsmc.o
 .debug_frame   0x00000000      0x300 ..\obj\stm32f10x_fsmc.o
 .ARM.attributes
                0x00000000       0x33 ..\obj\stm32f10x_fsmc.o
 .data          0x00000000        0x0 ..\obj\stm32f10x_gpio.o
 .bss           0x00000000        0x0 ..\obj\stm32f10x_gpio.o
 .text          0x00000000     0x1e10 ..\obj\stm32f10x_tim.o
 .data          0x00000000        0x0 ..\obj\stm32f10x_tim.o
 .bss           0x00000000        0x0 ..\obj\stm32f10x_tim.o
 .debug_info    0x00000000     0x1c58 ..\obj\stm32f10x_tim.o
 .debug_abbrev  0x00000000      0x1b0 ..\obj\stm32f10x_tim.o
 .debug_aranges
                0x00000000       0x20 ..\obj\stm32f10x_tim.o
 .debug_line    0x00000000      0x624 ..\obj\stm32f10x_tim.o
 .debug_str     0x00000000      0xe03 ..\obj\stm32f10x_tim.o
 .comment       0x00000000       0x71 ..\obj\stm32f10x_tim.o
 .debug_frame   0x00000000      0xe2c ..\obj\stm32f10x_tim.o
 .ARM.attributes
                0x00000000       0x33 ..\obj\stm32f10x_tim.o
 .text          0x00000000      0x6f4 ..\obj\stm32f10x_spi.o
 .data          0x00000000        0x0 ..\obj\stm32f10x_spi.o
 .bss           0x00000000        0x0 ..\obj\stm32f10x_spi.o
 .debug_info    0x00000000      0x8f3 ..\obj\stm32f10x_spi.o
 .debug_abbrev  0x00000000      0x17e ..\obj\stm32f10x_spi.o
 .debug_aranges
                0x00000000       0x20 ..\obj\stm32f10x_spi.o
 .debug_line    0x00000000      0x2dc ..\obj\stm32f10x_spi.o
 .debug_str     0x00000000      0x623 ..\obj\stm32f10x_spi.o
 .comment       0x00000000       0x71 ..\obj\stm32f10x_spi.o
 .debug_frame   0x00000000      0x3a0 ..\obj\stm32f10x_spi.o
 .ARM.attributes
                0x00000000       0x33 ..\obj\stm32f10x_spi.o
 .text          0x00000000      0x21c ..\obj\stm32f10x_exti.o
 .data          0x00000000        0x0 ..\obj\stm32f10x_exti.o
 .bss           0x00000000        0x0 ..\obj\stm32f10x_exti.o
 .debug_info    0x00000000      0x343 ..\obj\stm32f10x_exti.o
 .debug_abbrev  0x00000000      0x17a ..\obj\stm32f10x_exti.o
 .debug_aranges
                0x00000000       0x20 ..\obj\stm32f10x_exti.o
 .debug_line    0x00000000      0x22a ..\obj\stm32f10x_exti.o
 .debug_str     0x00000000      0x36f ..\obj\stm32f10x_exti.o
 .comment       0x00000000       0x71 ..\obj\stm32f10x_exti.o
 .debug_frame   0x00000000      0x148 ..\obj\stm32f10x_exti.o
 .ARM.attributes
                0x00000000       0x33 ..\obj\stm32f10x_exti.o
 .text          0x00000000      0x2ac ..\obj\stm32f10x_rtc.o
 .data          0x00000000        0x0 ..\obj\stm32f10x_rtc.o
 .bss           0x00000000        0x0 ..\obj\stm32f10x_rtc.o
 .debug_info    0x00000000      0x437 ..\obj\stm32f10x_rtc.o
 .debug_abbrev  0x00000000      0x17e ..\obj\stm32f10x_rtc.o
 .debug_aranges
                0x00000000       0x20 ..\obj\stm32f10x_rtc.o
 .debug_line    0x00000000      0x22c ..\obj\stm32f10x_rtc.o
 .debug_str     0x00000000      0x3c8 ..\obj\stm32f10x_rtc.o
 .comment       0x00000000       0x71 ..\obj\stm32f10x_rtc.o
 .debug_frame   0x00000000      0x214 ..\obj\stm32f10x_rtc.o
 .ARM.attributes
                0x00000000       0x33 ..\obj\stm32f10x_rtc.o
 .text          0x00000000      0x96c ..\obj\stm32f10x_flash.o
 .data          0x00000000        0x0 ..\obj\stm32f10x_flash.o
 .bss           0x00000000        0x0 ..\obj\stm32f10x_flash.o
 .debug_info    0x00000000      0x7b3 ..\obj\stm32f10x_flash.o
 .debug_abbrev  0x00000000      0x162 ..\obj\stm32f10x_flash.o
 .debug_aranges
                0x00000000       0x20 ..\obj\stm32f10x_flash.o
 .debug_line    0x00000000      0x354 ..\obj\stm32f10x_flash.o
 .debug_str     0x00000000      0x60e ..\obj\stm32f10x_flash.o
 .comment       0x00000000       0x71 ..\obj\stm32f10x_flash.o
 .debug_frame   0x00000000      0x410 ..\obj\stm32f10x_flash.o
 .ARM.attributes
                0x00000000       0x33 ..\obj\stm32f10x_flash.o
 .data          0x00000000        0x0 ..\obj\USART.o
 .bss           0x00000000        0x0 ..\obj\USART.o
 .text          0x00000000      0x290 ..\obj\stm32f10x_cec.o
 .data          0x00000000        0x0 ..\obj\stm32f10x_cec.o
 .bss           0x00000000        0x0 ..\obj\stm32f10x_cec.o
 .debug_info    0x00000000      0x41d ..\obj\stm32f10x_cec.o
 .debug_abbrev  0x00000000      0x1ae ..\obj\stm32f10x_cec.o
 .debug_aranges
                0x00000000       0x20 ..\obj\stm32f10x_cec.o
 .debug_line    0x00000000      0x241 ..\obj\stm32f10x_cec.o
 .debug_str     0x00000000      0x39c ..\obj\stm32f10x_cec.o
 .comment       0x00000000       0x71 ..\obj\stm32f10x_cec.o
 .debug_frame   0x00000000      0x224 ..\obj\stm32f10x_cec.o
 .ARM.attributes
                0x00000000       0x33 ..\obj\stm32f10x_cec.o
 .text          0x00000000      0x1c0 ..\obj\stm32f10x_bkp.o
 .data          0x00000000        0x0 ..\obj\stm32f10x_bkp.o
 .bss           0x00000000        0x0 ..\obj\stm32f10x_bkp.o
 .debug_info    0x00000000      0x79e ..\obj\stm32f10x_bkp.o
 .debug_abbrev  0x00000000      0x172 ..\obj\stm32f10x_bkp.o
 .debug_aranges
                0x00000000       0x20 ..\obj\stm32f10x_bkp.o
 .debug_line    0x00000000      0x208 ..\obj\stm32f10x_bkp.o
 .debug_str     0x00000000      0x5db ..\obj\stm32f10x_bkp.o
 .comment       0x00000000       0x71 ..\obj\stm32f10x_bkp.o
 .debug_frame   0x00000000      0x1c4 ..\obj\stm32f10x_bkp.o
 .ARM.attributes
                0x00000000       0x33 ..\obj\stm32f10x_bkp.o
 .text          0x00000000      0x108 ..\obj\syscalls.o
 .data          0x00000000        0x0 ..\obj\syscalls.o
 .bss           0x00000000        0x4 ..\obj\syscalls.o
 .debug_info    0x00000000      0x3ee ..\obj\syscalls.o
 .debug_abbrev  0x00000000       0xe2 ..\obj\syscalls.o
 .debug_aranges
                0x00000000       0x20 ..\obj\syscalls.o
 .debug_line    0x00000000      0x121 ..\obj\syscalls.o
 .debug_str     0x00000000      0x2f2 ..\obj\syscalls.o
 .comment       0x00000000       0x71 ..\obj\syscalls.o
 .debug_frame   0x00000000      0x168 ..\obj\syscalls.o
 .ARM.attributes
                0x00000000       0x33 ..\obj\syscalls.o
 .data          0x00000000        0x0 ..\obj\I2C.o
 .bss           0x00000000        0x0 ..\obj\I2C.o
 .text          0x00000000      0x514 ..\obj\stm32f10x_sdio.o
 .data          0x00000000        0x0 ..\obj\stm32f10x_sdio.o
 .bss           0x00000000        0x0 ..\obj\stm32f10x_sdio.o
 .debug_info    0x00000000      0x7ed ..\obj\stm32f10x_sdio.o
 .debug_abbrev  0x00000000      0x1af ..\obj\stm32f10x_sdio.o
 .debug_aranges
                0x00000000       0x20 ..\obj\stm32f10x_sdio.o
 .debug_line    0x00000000      0x2a3 ..\obj\stm32f10x_sdio.o
 .debug_str     0x00000000      0x656 ..\obj\stm32f10x_sdio.o
 .comment       0x00000000       0x71 ..\obj\stm32f10x_sdio.o
 .debug_frame   0x00000000      0x490 ..\obj\stm32f10x_sdio.o
 .ARM.attributes
                0x00000000       0x33 ..\obj\stm32f10x_sdio.o
 .data          0x00000000        0x0 ..\obj\motor.o
 .bss           0x00000000        0x0 ..\obj\motor.o
 .text          0x00000000      0x304 ..\obj\stm32f10x_dac.o
 .data          0x00000000        0x0 ..\obj\stm32f10x_dac.o
 .bss           0x00000000        0x0 ..\obj\stm32f10x_dac.o
 .debug_info    0x00000000      0x4b0 ..\obj\stm32f10x_dac.o
 .debug_abbrev  0x00000000      0x173 ..\obj\stm32f10x_dac.o
 .debug_aranges
                0x00000000       0x20 ..\obj\stm32f10x_dac.o
 .debug_line    0x00000000      0x23a ..\obj\stm32f10x_dac.o
 .debug_str     0x00000000      0x3d5 ..\obj\stm32f10x_dac.o
 .comment       0x00000000       0x71 ..\obj\stm32f10x_dac.o
 .debug_frame   0x00000000      0x1e4 ..\obj\stm32f10x_dac.o
 .ARM.attributes
                0x00000000       0x33 ..\obj\stm32f10x_dac.o
 .bss           0x00000000        0x0 ..\obj\system_stm32f10x.o
 .text          0x00000000      0x404 ..\obj\stm32f10x_dma.o
 .data          0x00000000        0x0 ..\obj\stm32f10x_dma.o
 .bss           0x00000000        0x0 ..\obj\stm32f10x_dma.o
 .debug_info    0x00000000      0x473 ..\obj\stm32f10x_dma.o
 .debug_abbrev  0x00000000      0x155 ..\obj\stm32f10x_dma.o
 .debug_aranges
                0x00000000       0x20 ..\obj\stm32f10x_dma.o
 .debug_line    0x00000000      0x264 ..\obj\stm32f10x_dma.o
 .debug_str     0x00000000      0x3dd ..\obj\stm32f10x_dma.o
 .comment       0x00000000       0x71 ..\obj\stm32f10x_dma.o
 .debug_frame   0x00000000      0x1c8 ..\obj\stm32f10x_dma.o
 .ARM.attributes
                0x00000000       0x33 ..\obj\stm32f10x_dma.o
 .text          0x00000000       0xc8 ..\obj\stm32f10x_iwdg.o
 .data          0x00000000        0x0 ..\obj\stm32f10x_iwdg.o
 .bss           0x00000000        0x0 ..\obj\stm32f10x_iwdg.o
 .debug_info    0x00000000      0x20a ..\obj\stm32f10x_iwdg.o
 .debug_abbrev  0x00000000      0x101 ..\obj\stm32f10x_iwdg.o
 .debug_aranges
                0x00000000       0x20 ..\obj\stm32f10x_iwdg.o
 .debug_line    0x00000000      0x1e6 ..\obj\stm32f10x_iwdg.o
 .debug_str     0x00000000      0x282 ..\obj\stm32f10x_iwdg.o
 .comment       0x00000000       0x71 ..\obj\stm32f10x_iwdg.o
 .debug_frame   0x00000000       0xf0 ..\obj\stm32f10x_iwdg.o
 .ARM.attributes
                0x00000000       0x33 ..\obj\stm32f10x_iwdg.o
 .data          0x00000000        0x0 ..\obj\APBClocks.o
 .bss           0x00000000        0x0 ..\obj\APBClocks.o
 .text          0x00000000       0x14 ..\obj\startup_stm32f10x_md.o
 .data          0x00000000        0x0 ..\obj\startup_stm32f10x_md.o
 .bss           0x00000000        0x0 ..\obj\startup_stm32f10x_md.o
 .text          0x00000000      0xa3c ..\obj\stm32f10x_adc.o
 .data          0x00000000        0x0 ..\obj\stm32f10x_adc.o
 .bss           0x00000000        0x0 ..\obj\stm32f10x_adc.o
 .debug_info    0x00000000      0xb74 ..\obj\stm32f10x_adc.o
 .debug_abbrev  0x00000000      0x198 ..\obj\stm32f10x_adc.o
 .debug_aranges
                0x00000000       0x20 ..\obj\stm32f10x_adc.o
 .debug_line    0x00000000      0x329 ..\obj\stm32f10x_adc.o
 .debug_str     0x00000000      0x721 ..\obj\stm32f10x_adc.o
 .comment       0x00000000       0x71 ..\obj\stm32f10x_adc.o
 .debug_frame   0x00000000      0x5a4 ..\obj\stm32f10x_adc.o
 .ARM.attributes
                0x00000000       0x33 ..\obj\stm32f10x_adc.o
 .data          0x00000000        0x0 ..\obj\ADC.o
 .bss           0x00000000        0x0 ..\obj\ADC.o
 .data          0x00000000        0x0 ..\obj\SysTick.o
 .bss           0x00000000        0x0 ..\obj\SysTick.o
 .text          0x00000000      0x1ac ..\obj\stm32f10x_pwr.o
 .data          0x00000000        0x0 ..\obj\stm32f10x_pwr.o
 .bss           0x00000000        0x0 ..\obj\stm32f10x_pwr.o
 .debug_info    0x00000000      0x483 ..\obj\stm32f10x_pwr.o
 .debug_abbrev  0x00000000      0x18e ..\obj\stm32f10x_pwr.o
 .debug_aranges
                0x00000000       0x20 ..\obj\stm32f10x_pwr.o
 .debug_line    0x00000000      0x22d ..\obj\stm32f10x_pwr.o
 .debug_str     0x00000000      0x348 ..\obj\stm32f10x_pwr.o
 .comment       0x00000000       0x71 ..\obj\stm32f10x_pwr.o
 .debug_frame   0x00000000      0x164 ..\obj\stm32f10x_pwr.o
 .ARM.attributes
                0x00000000       0x33 ..\obj\stm32f10x_pwr.o
 .text          0x00000000      0xfa8 ..\obj\stm32f10x_can.o
 .data          0x00000000        0x0 ..\obj\stm32f10x_can.o
 .bss           0x00000000        0x0 ..\obj\stm32f10x_can.o
 .debug_info    0x00000000      0xb9c ..\obj\stm32f10x_can.o
 .debug_abbrev  0x00000000      0x1f3 ..\obj\stm32f10x_can.o
 .debug_aranges
                0x00000000       0x20 ..\obj\stm32f10x_can.o
 .debug_line    0x00000000      0x3fd ..\obj\stm32f10x_can.o
 .debug_str     0x00000000      0x754 ..\obj\stm32f10x_can.o
 .comment       0x00000000       0x71 ..\obj\stm32f10x_can.o
 .debug_frame   0x00000000      0x3f0 ..\obj\stm32f10x_can.o
 .ARM.attributes
                0x00000000       0x33 ..\obj\stm32f10x_can.o
 .text          0x00000000       0x70 ..\obj\stm32f10x_dbgmcu.o
 .data          0x00000000        0x0 ..\obj\stm32f10x_dbgmcu.o
 .bss           0x00000000        0x0 ..\obj\stm32f10x_dbgmcu.o
 .debug_info    0x00000000      0x15e ..\obj\stm32f10x_dbgmcu.o
 .debug_abbrev  0x00000000       0xde ..\obj\stm32f10x_dbgmcu.o
 .debug_aranges
                0x00000000       0x20 ..\obj\stm32f10x_dbgmcu.o
 .debug_line    0x00000000      0x1d7 ..\obj\stm32f10x_dbgmcu.o
 .debug_str     0x00000000      0x218 ..\obj\stm32f10x_dbgmcu.o
 .comment       0x00000000       0x71 ..\obj\stm32f10x_dbgmcu.o
 .debug_frame   0x00000000       0x78 ..\obj\stm32f10x_dbgmcu.o
 .ARM.attributes
                0x00000000       0x33 ..\obj\stm32f10x_dbgmcu.o
 .data          0x00000000        0x0 ..\obj\stm32f10x_i2c.o
 .bss           0x00000000        0x0 ..\obj\stm32f10x_i2c.o
 .data          0x00000000        0x0 ..\obj\main.o
 .bss           0x00000000        0x0 ..\obj\main.o
 .text          0x00000000        0x0 d:/programs/gnu tools arm embedded/4.9 2015q1/bin/../lib/gcc/arm-none-eabi/4.9.3/../../../../arm-none-eabi/lib/armv7-m\libg.a(lib_a-exit.o)
 .data          0x00000000        0x0 d:/programs/gnu tools arm embedded/4.9 2015q1/bin/../lib/gcc/arm-none-eabi/4.9.3/../../../../arm-none-eabi/lib/armv7-m\libg.a(lib_a-exit.o)
 .bss           0x00000000        0x0 d:/programs/gnu tools arm embedded/4.9 2015q1/bin/../lib/gcc/arm-none-eabi/4.9.3/../../../../arm-none-eabi/lib/armv7-m\libg.a(lib_a-exit.o)
 .text.exit     0x00000000       0x20 d:/programs/gnu tools arm embedded/4.9 2015q1/bin/../lib/gcc/arm-none-eabi/4.9.3/../../../../arm-none-eabi/lib/armv7-m\libg.a(lib_a-exit.o)
 .debug_frame   0x00000000       0x28 d:/programs/gnu tools arm embedded/4.9 2015q1/bin/../lib/gcc/arm-none-eabi/4.9.3/../../../../arm-none-eabi/lib/armv7-m\libg.a(lib_a-exit.o)
 .ARM.attributes
                0x00000000       0x2d d:/programs/gnu tools arm embedded/4.9 2015q1/bin/../lib/gcc/arm-none-eabi/4.9.3/../../../../arm-none-eabi/lib/armv7-m\libg.a(lib_a-exit.o)
 .text          0x00000000        0x0 d:/programs/gnu tools arm embedded/4.9 2015q1/bin/../lib/gcc/arm-none-eabi/4.9.3/../../../../arm-none-eabi/lib/armv7-m\libg.a(lib_a-impure.o)
 .data          0x00000000        0x0 d:/programs/gnu tools arm embedded/4.9 2015q1/bin/../lib/gcc/arm-none-eabi/4.9.3/../../../../arm-none-eabi/lib/armv7-m\libg.a(lib_a-impure.o)
 .bss           0x00000000        0x0 d:/programs/gnu tools arm embedded/4.9 2015q1/bin/../lib/gcc/arm-none-eabi/4.9.3/../../../../arm-none-eabi/lib/armv7-m\libg.a(lib_a-impure.o)
 .data._impure_ptr
                0x00000000        0x4 d:/programs/gnu tools arm embedded/4.9 2015q1/bin/../lib/gcc/arm-none-eabi/4.9.3/../../../../arm-none-eabi/lib/armv7-m\libg.a(lib_a-impure.o)
 .text          0x00000000        0x0 d:/programs/gnu tools arm embedded/4.9 2015q1/bin/../lib/gcc/arm-none-eabi/4.9.3/../../../../arm-none-eabi/lib/armv7-m\libg.a(lib_a-init.o)
 .data          0x00000000        0x0 d:/programs/gnu tools arm embedded/4.9 2015q1/bin/../lib/gcc/arm-none-eabi/4.9.3/../../../../arm-none-eabi/lib/armv7-m\libg.a(lib_a-init.o)
 .bss           0x00000000        0x0 d:/programs/gnu tools arm embedded/4.9 2015q1/bin/../lib/gcc/arm-none-eabi/4.9.3/../../../../arm-none-eabi/lib/armv7-m\libg.a(lib_a-init.o)
 .text.__libc_init_array
                0x00000000       0x50 d:/programs/gnu tools arm embedded/4.9 2015q1/bin/../lib/gcc/arm-none-eabi/4.9.3/../../../../arm-none-eabi/lib/armv7-m\libg.a(lib_a-init.o)
 .debug_frame   0x00000000       0x2c d:/programs/gnu tools arm embedded/4.9 2015q1/bin/../lib/gcc/arm-none-eabi/4.9.3/../../../../arm-none-eabi/lib/armv7-m\libg.a(lib_a-init.o)
 .ARM.attributes
                0x00000000       0x2d d:/programs/gnu tools arm embedded/4.9 2015q1/bin/../lib/gcc/arm-none-eabi/4.9.3/../../../../arm-none-eabi/lib/armv7-m\libg.a(lib_a-init.o)
 .text          0x00000000        0x0 d:/programs/gnu tools arm embedded/4.9 2015q1/bin/../lib/gcc/arm-none-eabi/4.9.3/../../../../arm-none-eabi/lib/armv7-m\libg.a(lib_a-memset.o)
 .data          0x00000000        0x0 d:/programs/gnu tools arm embedded/4.9 2015q1/bin/../lib/gcc/arm-none-eabi/4.9.3/../../../../arm-none-eabi/lib/armv7-m\libg.a(lib_a-memset.o)
 .bss           0x00000000        0x0 d:/programs/gnu tools arm embedded/4.9 2015q1/bin/../lib/gcc/arm-none-eabi/4.9.3/../../../../arm-none-eabi/lib/armv7-m\libg.a(lib_a-memset.o)
 .text.memset   0x00000000       0x9c d:/programs/gnu tools arm embedded/4.9 2015q1/bin/../lib/gcc/arm-none-eabi/4.9.3/../../../../arm-none-eabi/lib/armv7-m\libg.a(lib_a-memset.o)
 .debug_frame   0x00000000       0x34 d:/programs/gnu tools arm embedded/4.9 2015q1/bin/../lib/gcc/arm-none-eabi/4.9.3/../../../../arm-none-eabi/lib/armv7-m\libg.a(lib_a-memset.o)
 .ARM.attributes
                0x00000000       0x2d d:/programs/gnu tools arm embedded/4.9 2015q1/bin/../lib/gcc/arm-none-eabi/4.9.3/../../../../arm-none-eabi/lib/armv7-m\libg.a(lib_a-memset.o)
 .text          0x00000000        0x0 d:/programs/gnu tools arm embedded/4.9 2015q1/bin/../lib/gcc/arm-none-eabi/4.9.3/../../../../arm-none-eabi/lib/armv7-m\libg.a(lib_a-__call_atexit.o)
 .data          0x00000000        0x0 d:/programs/gnu tools arm embedded/4.9 2015q1/bin/../lib/gcc/arm-none-eabi/4.9.3/../../../../arm-none-eabi/lib/armv7-m\libg.a(lib_a-__call_atexit.o)
 .bss           0x00000000        0x0 d:/programs/gnu tools arm embedded/4.9 2015q1/bin/../lib/gcc/arm-none-eabi/4.9.3/../../../../arm-none-eabi/lib/armv7-m\libg.a(lib_a-__call_atexit.o)
 .text.__call_exitprocs
                0x00000000       0xd4 d:/programs/gnu tools arm embedded/4.9 2015q1/bin/../lib/gcc/arm-none-eabi/4.9.3/../../../../arm-none-eabi/lib/armv7-m\libg.a(lib_a-__call_atexit.o)
 .text          0x00000000        0x0 d:/programs/gnu tools arm embedded/4.9 2015q1/bin/../lib/gcc/arm-none-eabi/4.9.3/../../../../arm-none-eabi/lib/armv7-m\libg.a(lib_a-atexit.o)
 .data          0x00000000        0x0 d:/programs/gnu tools arm embedded/4.9 2015q1/bin/../lib/gcc/arm-none-eabi/4.9.3/../../../../arm-none-eabi/lib/armv7-m\libg.a(lib_a-atexit.o)
 .bss           0x00000000        0x0 d:/programs/gnu tools arm embedded/4.9 2015q1/bin/../lib/gcc/arm-none-eabi/4.9.3/../../../../arm-none-eabi/lib/armv7-m\libg.a(lib_a-atexit.o)
 .text          0x00000000        0x0 d:/programs/gnu tools arm embedded/4.9 2015q1/bin/../lib/gcc/arm-none-eabi/4.9.3/../../../../arm-none-eabi/lib/armv7-m\libg.a(lib_a-fini.o)
 .data          0x00000000        0x0 d:/programs/gnu tools arm embedded/4.9 2015q1/bin/../lib/gcc/arm-none-eabi/4.9.3/../../../../arm-none-eabi/lib/armv7-m\libg.a(lib_a-fini.o)
 .bss           0x00000000        0x0 d:/programs/gnu tools arm embedded/4.9 2015q1/bin/../lib/gcc/arm-none-eabi/4.9.3/../../../../arm-none-eabi/lib/armv7-m\libg.a(lib_a-fini.o)
 .text          0x00000000        0x0 d:/programs/gnu tools arm embedded/4.9 2015q1/bin/../lib/gcc/arm-none-eabi/4.9.3/../../../../arm-none-eabi/lib/armv7-m\libg.a(lib_a-__atexit.o)
 .data          0x00000000        0x0 d:/programs/gnu tools arm embedded/4.9 2015q1/bin/../lib/gcc/arm-none-eabi/4.9.3/../../../../arm-none-eabi/lib/armv7-m\libg.a(lib_a-__atexit.o)
 .bss           0x00000000        0x0 d:/programs/gnu tools arm embedded/4.9 2015q1/bin/../lib/gcc/arm-none-eabi/4.9.3/../../../../arm-none-eabi/lib/armv7-m\libg.a(lib_a-__atexit.o)
 .text          0x00000000        0x0 d:/programs/gnu tools arm embedded/4.9 2015q1/bin/../lib/gcc/arm-none-eabi/4.9.3/armv7-m/crtend.o
 .data          0x00000000        0x0 d:/programs/gnu tools arm embedded/4.9 2015q1/bin/../lib/gcc/arm-none-eabi/4.9.3/armv7-m/crtend.o
 .bss           0x00000000        0x0 d:/programs/gnu tools arm embedded/4.9 2015q1/bin/../lib/gcc/arm-none-eabi/4.9.3/armv7-m/crtend.o
 .eh_frame      0x00000000        0x4 d:/programs/gnu tools arm embedded/4.9 2015q1/bin/../lib/gcc/arm-none-eabi/4.9.3/armv7-m/crtend.o
 .text          0x00000000        0x0 d:/programs/gnu tools arm embedded/4.9 2015q1/bin/../lib/gcc/arm-none-eabi/4.9.3/armv7-m/crtn.o
 .data          0x00000000        0x0 d:/programs/gnu tools arm embedded/4.9 2015q1/bin/../lib/gcc/arm-none-eabi/4.9.3/armv7-m/crtn.o
 .bss           0x00000000        0x0 d:/programs/gnu tools arm embedded/4.9 2015q1/bin/../lib/gcc/arm-none-eabi/4.9.3/armv7-m/crtn.o

Memory Configuration

Name             Origin             Length             Attributes
rom              0x08000000         0x00010000         xr
ram              0x20000000         0x00002000         xrw
*default*        0x00000000         0xffffffff

Linker script and memory map

LOAD d:/programs/gnu tools arm embedded/4.9 2015q1/bin/../lib/gcc/arm-none-eabi/4.9.3/armv7-m/crti.o
LOAD d:/programs/gnu tools arm embedded/4.9 2015q1/bin/../lib/gcc/arm-none-eabi/4.9.3/armv7-m/crtbegin.o
LOAD d:/programs/gnu tools arm embedded/4.9 2015q1/bin/../lib/gcc/arm-none-eabi/4.9.3/../../../../arm-none-eabi/lib/armv7-m/crt0.o
                0x20002000                _eram = 0x20002000

.text           0x08000000     0x33c0
 *(.isr_vector)
 .isr_vector    0x08000000      0x10c ..\obj\startup_stm32f10x_md.o
                0x08000000                g_pfnVectors
 *(.text*)
 .text          0x0800010c       0x5c d:/programs/gnu tools arm embedded/4.9 2015q1/bin/../lib/gcc/arm-none-eabi/4.9.3/armv7-m/crtbegin.o
 .text          0x08000168       0xa4 ..\obj\LED.o
                0x08000168                initializeLEDGPIO
 .text          0x0800020c      0x908 ..\obj\stm32f10x_usart.o
                0x0800020c                USART_DeInit
                0x080002c4                USART_Init
                0x08000438                USART_StructInit
                0x08000470                USART_ClockInit
                0x080004c8                USART_ClockStructInit
                0x080004f4                USART_Cmd
                0x08000534                USART_ITConfig
                0x080005c4                USART_DMACmd
                0x0800060c                USART_SetAddress
                0x08000644                USART_WakeUpConfig
                0x0800067c                USART_ReceiverWakeUpCmd
                0x080006bc                USART_LINBreakDetectLengthConfig
                0x080006f4                USART_LINCmd
                0x08000734                USART_SendData
                0x08000758                USART_ReceiveData
                0x08000778                USART_SendBreak
                0x0800079c                USART_SetGuardTime
                0x080007d8                USART_SetPrescaler
                0x08000810                USART_SmartCardCmd
                0x08000850                USART_SmartCardNACKCmd
                0x08000890                USART_HalfDuplexCmd
                0x080008d0                USART_OverSampling8Cmd
                0x08000914                USART_OneBitMethodCmd
                0x08000954                USART_IrDAConfig
                0x0800098c                USART_IrDACmd
                0x080009cc                USART_GetFlagStatus
                0x08000a04                USART_ClearFlag
                0x08000a24                USART_GetITStatus
                0x08000adc                USART_ClearITPendingBit
 .text          0x08000b14       0x44 ..\obj\NVIC.o
                0x08000b14                initializeNVIC
 .text          0x08000b58      0x7dc ..\obj\stm32f10x_rcc.o
                0x08000b58                RCC_DeInit
                0x08000bb4                RCC_HSEConfig
                0x08000c10                RCC_WaitForHSEStartUp
                0x08000c60                RCC_AdjustHSICalibrationValue
                0x08000c9c                RCC_HSICmd
                0x08000cbc                RCC_PLLConfig
                0x08000cf8                RCC_PLLCmd
                0x08000d18                RCC_SYSCLKConfig
                0x08000d50                RCC_GetSYSCLKSource
                0x08000d70                RCC_HCLKConfig
                0x08000da8                RCC_PCLK1Config
                0x08000de0                RCC_PCLK2Config
                0x08000e18                RCC_ITConfig
                0x08000e64                RCC_USBCLKConfig
                0x08000e80                RCC_ADCCLKConfig
                0x08000eb8                RCC_LSEConfig
                0x08000ef8                RCC_LSICmd
                0x08000f18                RCC_RTCCLKConfig
                0x08000f3c                RCC_RTCCLKCmd
                0x08000f5c                RCC_GetClocksFreq
                0x080010c0                RCC_AHBPeriphClockCmd
                0x080010fc                RCC_APB2PeriphClockCmd
                0x08001138                RCC_APB1PeriphClockCmd
                0x08001174                RCC_APB2PeriphResetCmd
                0x080011b0                RCC_APB1PeriphResetCmd
                0x080011ec                RCC_BackupResetCmd
                0x0800120c                RCC_ClockSecuritySystemCmd
                0x0800122c                RCC_MCOConfig
                0x0800124c                RCC_GetFlagStatus
                0x080012c0                RCC_ClearFlag
                0x080012dc                RCC_GetITStatus
                0x08001314                RCC_ClearITPendingBit
 .text          0x08001334      0x18c ..\obj\misc.o
                0x08001334                NVIC_PriorityGroupConfig
                0x08001358                NVIC_Init
                0x0800141c                NVIC_SetVectorTable
                0x08001448                NVIC_SystemLPConfig
                0x08001488                SysTick_CLKSourceConfig
 .text          0x080014c0      0x5f8 ..\obj\stm32f10x_gpio.o
                0x080014c0                GPIO_DeInit
                0x080015a4                GPIO_AFIODeInit
                0x080015bc                GPIO_Init
                0x0800173c                GPIO_StructInit
                0x08001764                GPIO_ReadInputDataBit
                0x08001798                GPIO_ReadInputData
                0x080017b4                GPIO_ReadOutputDataBit
                0x080017e8                GPIO_ReadOutputData
                0x08001804                GPIO_SetBits
                0x08001820                GPIO_ResetBits
                0x0800183c                GPIO_WriteBit
                0x0800186c                GPIO_Write
                0x08001888                GPIO_PinLockConfig
                0x080018cc                GPIO_EventOutputConfig
                0x08001918                GPIO_EventOutputCmd
                0x08001938                GPIO_PinRemapConfig
                0x08001a18                GPIO_EXTILineConfig
                0x08001a9c                GPIO_ETH_MediaInterfaceConfig
 .text          0x08001ab8      0x4c4 ..\obj\USART.o
                0x08001ae8                initializeUSART
                0x08001bbc                sendLineFeed
                0x08001be4                USARTInterrupt
                0x08001f5c                USART1_IRQHandler
                0x08001f6c                USART2_IRQHandler
 .text          0x08001f7c      0x2e0 ..\obj\I2C.o
                0x08001f7c                initializeI2C
                0x08001fec                readI2C
                0x080021a0                checkI2CErrors
 .text          0x0800225c      0x19c ..\obj\motor.o
                0x0800225c                initializePWMTimer
                0x0800236c                initializeDirectionOutput
                0x080023d8                safeStop
 .text          0x080023f8      0x250 ..\obj\system_stm32f10x.o
                0x080023f8                SystemInit
                0x08002460                SystemCoreClockUpdate
 .text          0x08002648       0x70 ..\obj\APBClocks.o
                0x08002648                initializeAPB
 .text.Reset_Handler
                0x080026b8       0x44 ..\obj\startup_stm32f10x_md.o
                0x080026b8                Reset_Handler
 .text.Default_Handler
                0x080026fc        0x2 ..\obj\startup_stm32f10x_md.o
                0x080026fc                EXTI2_IRQHandler
                0x080026fc                DebugMon_Handler
                0x080026fc                TIM1_CC_IRQHandler
                0x080026fc                HardFault_Handler
                0x080026fc                PVD_IRQHandler
                0x080026fc                PendSV_Handler
                0x080026fc                NMI_Handler
                0x080026fc                EXTI3_IRQHandler
                0x080026fc                EXTI0_IRQHandler
                0x080026fc                I2C2_EV_IRQHandler
                0x080026fc                UsageFault_Handler
                0x080026fc                SPI1_IRQHandler
                0x080026fc                TAMPER_IRQHandler
                0x080026fc                DMA1_Channel4_IRQHandler
                0x080026fc                USART3_IRQHandler
                0x080026fc                RTC_IRQHandler
                0x080026fc                DMA1_Channel7_IRQHandler
                0x080026fc                CAN1_RX1_IRQHandler
                0x080026fc                TIM4_IRQHandler
                0x080026fc                I2C1_EV_IRQHandler
                0x080026fc                DMA1_Channel6_IRQHandler
                0x080026fc                TIM3_IRQHandler
                0x080026fc                RCC_IRQHandler
                0x080026fc                TIM1_TRG_COM_IRQHandler
                0x080026fc                DMA1_Channel1_IRQHandler
                0x080026fc                Default_Handler
                0x080026fc                EXTI15_10_IRQHandler
                0x080026fc                EXTI9_5_IRQHandler
                0x080026fc                SPI2_IRQHandler
                0x080026fc                MemManage_Handler
                0x080026fc                SVC_Handler
                0x080026fc                DMA1_Channel5_IRQHandler
                0x080026fc                EXTI4_IRQHandler
                0x080026fc                USB_LP_CAN1_RX0_IRQHandler
                0x080026fc                USB_HP_CAN1_TX_IRQHandler
                0x080026fc                DMA1_Channel3_IRQHandler
                0x080026fc                TIM1_UP_IRQHandler
                0x080026fc                WWDG_IRQHandler
                0x080026fc                TIM2_IRQHandler
                0x080026fc                TIM1_BRK_IRQHandler
                0x080026fc                EXTI1_IRQHandler
                0x080026fc                RTCAlarm_IRQHandler
                0x080026fc                I2C2_ER_IRQHandler
                0x080026fc                DMA1_Channel2_IRQHandler
                0x080026fc                CAN1_SCE_IRQHandler
                0x080026fc                FLASH_IRQHandler
                0x080026fc                BusFault_Handler
                0x080026fc                I2C1_ER_IRQHandler
                0x080026fc                USBWakeUp_IRQHandler
 *fill*         0x080026fe        0x2 
 .text          0x08002700       0xfc ..\obj\ADC.o
                0x08002700                initializeADC
                0x0800279c                ADC1_2_IRQHandler
 .text          0x080027fc       0xe0 ..\obj\SysTick.o
                0x08002894                initializeSysTick
                0x080028ac                SysTick_Handler
 .text          0x080028dc      0x958 ..\obj\stm32f10x_i2c.o
                0x080028dc                I2C_DeInit
                0x08002920                I2C_Init
                0x08002aa4                I2C_StructInit
                0x08002ae0                I2C_Cmd
                0x08002b20                I2C_DMACmd
                0x08002b60                I2C_DMALastTransferCmd
                0x08002ba0                I2C_GenerateSTART
                0x08002be0                I2C_GenerateSTOP
                0x08002c20                I2C_AcknowledgeConfig
                0x08002c60                I2C_OwnAddress2Config
                0x08002ca0                I2C_DualAddressCmd
                0x08002ce0                I2C_GeneralCallCmd
                0x08002d20                I2C_ITConfig
                0x08002d68                I2C_SendData
                0x08002d88                I2C_ReceiveData
                0x08002da4                I2C_Send7bitAddress
                0x08002de0                I2C_ReadRegister
                0x08002e10                I2C_SoftwareResetCmd
                0x08002e54                I2C_NACKPositionConfig
                0x08002e94                I2C_SMBusAlertConfig
                0x08002ed4                I2C_TransmitPEC
                0x08002f14                I2C_PECPositionConfig
                0x08002f54                I2C_CalculatePEC
                0x08002f94                I2C_GetPEC
                0x08002fb4                I2C_ARPCmd
                0x08002ff4                I2C_StretchClockCmd
                0x08003034                I2C_FastModeDutyCycleConfig
                0x08003074                I2C_CheckEvent
                0x080030d4                I2C_GetLastEvent
                0x08003118                I2C_GetFlagStatus
                0x08003180                I2C_ClearFlag
                0x080031ac                I2C_GetITStatus
                0x08003208                I2C_ClearITPendingBit
 .text          0x08003234       0x70 ..\obj\main.o
                0x08003234                main
                0x08003268                Set24MHzHSI
 .text.startup.register_fini
                0x080032a4       0x14 d:/programs/gnu tools arm embedded/4.9 2015q1/bin/../lib/gcc/arm-none-eabi/4.9.3/../../../../arm-none-eabi/lib/armv7-m\libg.a(lib_a-__call_atexit.o)
 .text.atexit   0x080032b8        0xc d:/programs/gnu tools arm embedded/4.9 2015q1/bin/../lib/gcc/arm-none-eabi/4.9.3/../../../../arm-none-eabi/lib/armv7-m\libg.a(lib_a-atexit.o)
                0x080032b8                atexit
 .text.__libc_fini_array
                0x080032c4       0x2c d:/programs/gnu tools arm embedded/4.9 2015q1/bin/../lib/gcc/arm-none-eabi/4.9.3/../../../../arm-none-eabi/lib/armv7-m\libg.a(lib_a-fini.o)
                0x080032c4                __libc_fini_array
 .text.__register_exitproc
                0x080032f0       0xa4 d:/programs/gnu tools arm embedded/4.9 2015q1/bin/../lib/gcc/arm-none-eabi/4.9.3/../../../../arm-none-eabi/lib/armv7-m\libg.a(lib_a-__atexit.o)
                0x080032f0                __register_exitproc
 *(.init)
 .init          0x08003394        0x4 d:/programs/gnu tools arm embedded/4.9 2015q1/bin/../lib/gcc/arm-none-eabi/4.9.3/armv7-m/crti.o
                0x08003394                _init
 .init          0x08003398        0x8 d:/programs/gnu tools arm embedded/4.9 2015q1/bin/../lib/gcc/arm-none-eabi/4.9.3/armv7-m/crtn.o
 *(.fini)
 .fini          0x080033a0        0x4 d:/programs/gnu tools arm embedded/4.9 2015q1/bin/../lib/gcc/arm-none-eabi/4.9.3/armv7-m/crti.o
                0x080033a0                _fini
 .fini          0x080033a4        0x8 d:/programs/gnu tools arm embedded/4.9 2015q1/bin/../lib/gcc/arm-none-eabi/4.9.3/armv7-m/crtn.o
 *crtbegin.o(.ctors)
 *crtbegin?.o(.ctors)
 *(EXCLUDE_FILE(*crtend.o *crtend?.o) .ctors)
 *(SORT(.ctors.*))
 *(.ctors)
 *crtbegin.o(.dtors)
 *crtbegin?.o(.dtors)
 *(EXCLUDE_FILE(*crtend.o *crtend?.o) .dtors)
 *(SORT(.dtors.*))
 *(.dtors)
 *(.rodata*)
 .rodata        0x080033ac        0xc ..\obj\USART.o
 .rodata.str1.4
                0x080033b8        0x4 d:/programs/gnu tools arm embedded/4.9 2015q1/bin/../lib/gcc/arm-none-eabi/4.9.3/../../../../arm-none-eabi/lib/armv7-m\libg.a(lib_a-impure.o)
 .rodata._global_impure_ptr
                0x080033bc        0x4 d:/programs/gnu tools arm embedded/4.9 2015q1/bin/../lib/gcc/arm-none-eabi/4.9.3/../../../../arm-none-eabi/lib/armv7-m\libg.a(lib_a-impure.o)
                0x080033bc                _global_impure_ptr
 *(.eh_fram e*)

.eh_frame       0x080033c0        0x0
 .eh_frame      0x080033c0        0x0 d:/programs/gnu tools arm embedded/4.9 2015q1/bin/../lib/gcc/arm-none-eabi/4.9.3/armv7-m/crtbegin.o

.glue_7         0x080033c0        0x0
 .glue_7        0x00000000        0x0 linker stubs

.glue_7t        0x080033c0        0x0
 .glue_7t       0x00000000        0x0 linker stubs

.vfp11_veneer   0x080033c0        0x0
 .vfp11_veneer  0x00000000        0x0 linker stubs

.v4_bx          0x080033c0        0x0
 .v4_bx         0x00000000        0x0 linker stubs

.iplt           0x080033c0        0x0
 .iplt          0x00000000        0x0 d:/programs/gnu tools arm embedded/4.9 2015q1/bin/../lib/gcc/arm-none-eabi/4.9.3/armv7-m/crtbegin.o

.rel.dyn        0x080033c0        0x0
 .rel.iplt      0x00000000        0x0 d:/programs/gnu tools arm embedded/4.9 2015q1/bin/../lib/gcc/arm-none-eabi/4.9.3/armv7-m/crtbegin.o

.ARM.extab
 *(.ARM.extab* .gnu.linkonce.armextab.*)
                0x080033c0                __exidx_start = .

.ARM.exidx
 *(.ARM.exidx* .gnu.linkonce.armexidx.*)
                0x080033c0                __exidx_end = .
                0x080033c0                __etext = .
                0x080033c0                _sidata = __etext

.data           0x20000000      0x460 load address 0x080033c0
                0x20000000                __data_start__ = .
                0x20000000                _sdata = __data_start__
 *(vtable)
 *(.data*)
 .data          0x20000000       0x14 ..\obj\stm32f10x_rcc.o
 .data          0x20000014       0x14 ..\obj\system_stm32f10x.o
                0x20000014                SystemCoreClock
                0x20000018                AHBPrescTable
 .data.impure_data
                0x20000028      0x428 d:/programs/gnu tools arm embedded/4.9 2015q1/bin/../lib/gcc/arm-none-eabi/4.9.3/../../../../arm-none-eabi/lib/armv7-m\libg.a(lib_a-impure.o)
                0x20000450                . = ALIGN (0x4)
                0x20000450                PROVIDE (__preinit_array_start, .)
 *(.preinit_array)
                0x20000450                PROVIDE (__preinit_array_end, .)
                0x20000450                . = ALIGN (0x4)
                0x20000450                PROVIDE (__init_array_start, .)
 *(SORT(.init_array.*))
 .init_array.00000
                0x20000450        0x4 d:/programs/gnu tools arm embedded/4.9 2015q1/bin/../lib/gcc/arm-none-eabi/4.9.3/../../../../arm-none-eabi/lib/armv7-m\libg.a(lib_a-__call_atexit.o)
 *(.init_array)
 .init_array    0x20000454        0x4 d:/programs/gnu tools arm embedded/4.9 2015q1/bin/../lib/gcc/arm-none-eabi/4.9.3/armv7-m/crtbegin.o
                0x20000458                PROVIDE (__init_array_end, .)
                0x20000458                . = ALIGN (0x4)
                0x20000458                PROVIDE (__fini_array_start, .)
 *(SORT(.fini_array.*))
 *(.fini_array)
 .fini_array    0x20000458        0x4 d:/programs/gnu tools arm embedded/4.9 2015q1/bin/../lib/gcc/arm-none-eabi/4.9.3/armv7-m/crtbegin.o
                0x2000045c                PROVIDE (__fini_array_end, .)
 *(.jcr*)
 .jcr           0x2000045c        0x0 d:/programs/gnu tools arm embedded/4.9 2015q1/bin/../lib/gcc/arm-none-eabi/4.9.3/armv7-m/crtbegin.o
 .jcr           0x2000045c        0x4 d:/programs/gnu tools arm embedded/4.9 2015q1/bin/../lib/gcc/arm-none-eabi/4.9.3/armv7-m/crtend.o
                0x20000460                . = ALIGN (0x4)
                0x20000460                __data_end__ = .
                0x20000460                _edata = __data_end__

.igot.plt       0x20000460        0x0 load address 0x08003820
 .igot.plt      0x00000000        0x0 d:/programs/gnu tools arm embedded/4.9 2015q1/bin/../lib/gcc/arm-none-eabi/4.9.3/armv7-m/crtbegin.o

.bss            0x20000460       0x28 load address 0x08003820
                0x20000460                . = ALIGN (0x4)
                0x20000460                __bss_start__ = .
                0x20000460                _sbss = __bss_start__
 *(.bss*)
 .bss           0x20000460       0x1c d:/programs/gnu tools arm embedded/4.9 2015q1/bin/../lib/gcc/arm-none-eabi/4.9.3/armv7-m/crtbegin.o
 *(COMMON)
 COMMON         0x2000047c        0xc ..\obj\USART.o
                0x2000047c                globalData
                0x20000488                . = ALIGN (0x4)
                0x20000488                __bss_end__ = .
                0x20000488                _ebss = __bss_end__

.heap           0x20000488        0x0
                0x20000488                __end__ = .
                0x20000488                _end = __end__
                0x20000488                end = __end__
 *(.heap*)
                0x20000488                __HeapLimit = .

.co_stack       0x20000488        0x0
                0x20000488                . = ALIGN (0x8)
 *(.co_stack .co_stack.*)
                0x20002000                __StackTop = (ORIGIN (ram) + 0x2000)
                0x20002000                __StackLimit = (__StackTop - SIZEOF (.co_stack))
                0x20002000                PROVIDE (__stack, __StackTop)
                0x00000001                ASSERT ((__StackLimit >= __HeapLimit), region ram  overflowed with stack)
LOAD ..\obj\LED.o
LOAD ..\obj\stm32f10x_usart.o
LOAD ..\obj\NVIC.o
LOAD ..\obj\stm32f10x_rcc.o
LOAD ..\obj\misc.o
LOAD ..\obj\stm32f10x_crc.o
LOAD ..\obj\stm32f10x_wwdg.o
LOAD ..\obj\stm32f10x_fsmc.o
LOAD ..\obj\stm32f10x_gpio.o
LOAD ..\obj\stm32f10x_tim.o
LOAD ..\obj\stm32f10x_spi.o
LOAD ..\obj\stm32f10x_exti.o
LOAD ..\obj\stm32f10x_rtc.o
LOAD ..\obj\stm32f10x_flash.o
LOAD ..\obj\USART.o
LOAD ..\obj\stm32f10x_cec.o
LOAD ..\obj\stm32f10x_bkp.o
LOAD ..\obj\syscalls.o
LOAD ..\obj\I2C.o
LOAD ..\obj\stm32f10x_sdio.o
LOAD ..\obj\motor.o
LOAD ..\obj\stm32f10x_dac.o
LOAD ..\obj\system_stm32f10x.o
LOAD ..\obj\stm32f10x_dma.o
LOAD ..\obj\stm32f10x_iwdg.o
LOAD ..\obj\APBClocks.o
LOAD ..\obj\startup_stm32f10x_md.o
LOAD ..\obj\stm32f10x_adc.o
LOAD ..\obj\ADC.o
LOAD ..\obj\SysTick.o
LOAD ..\obj\stm32f10x_pwr.o
LOAD ..\obj\stm32f10x_can.o
LOAD ..\obj\stm32f10x_dbgmcu.o
LOAD ..\obj\stm32f10x_i2c.o
LOAD ..\obj\main.o
START GROUP
LOAD d:/programs/gnu tools arm embedded/4.9 2015q1/bin/../lib/gcc/arm-none-eabi/4.9.3/armv7-m\libgcc.a
LOAD d:/programs/gnu tools arm embedded/4.9 2015q1/bin/../lib/gcc/arm-none-eabi/4.9.3/../../../../arm-none-eabi/lib/armv7-m\libg.a
LOAD d:/programs/gnu tools arm embedded/4.9 2015q1/bin/../lib/gcc/arm-none-eabi/4.9.3/../../../../arm-none-eabi/lib/armv7-m\libc.a
END GROUP
LOAD d:/programs/gnu tools arm embedded/4.9 2015q1/bin/../lib/gcc/arm-none-eabi/4.9.3/armv7-m/crtend.o
LOAD d:/programs/gnu tools arm embedded/4.9 2015q1/bin/../lib/gcc/arm-none-eabi/4.9.3/armv7-m/crtn.o
OUTPUT(TheReaperf100.elf elf32-littlearm)

.ARM.attributes
                0x00000000       0x29
 .ARM.attributes
                0x00000000       0x1d d:/programs/gnu tools arm embedded/4.9 2015q1/bin/../lib/gcc/arm-none-eabi/4.9.3/armv7-m/crti.o
 .ARM.attributes
                0x0000001d       0x2d d:/programs/gnu tools arm embedded/4.9 2015q1/bin/../lib/gcc/arm-none-eabi/4.9.3/armv7-m/crtbegin.o
 .ARM.attributes
                0x0000004a       0x33 ..\obj\LED.o
 .ARM.attributes
                0x0000007d       0x33 ..\obj\stm32f10x_usart.o
 .ARM.attributes
                0x000000b0       0x33 ..\obj\NVIC.o
 .ARM.attributes
                0x000000e3       0x33 ..\obj\stm32f10x_rcc.o
 .ARM.attributes
                0x00000116       0x33 ..\obj\misc.o
 .ARM.attributes
                0x00000149       0x33 ..\obj\stm32f10x_gpio.o
 .ARM.attributes
                0x0000017c       0x33 ..\obj\USART.o
 .ARM.attributes
                0x000001af       0x33 ..\obj\I2C.o
 .ARM.attributes
                0x000001e2       0x33 ..\obj\motor.o
 .ARM.attributes
                0x00000215       0x33 ..\obj\system_stm32f10x.o
 .ARM.attributes
                0x00000248       0x33 ..\obj\APBClocks.o
 .ARM.attributes
                0x0000027b       0x21 ..\obj\startup_stm32f10x_md.o
 .ARM.attributes
                0x0000029c       0x33 ..\obj\ADC.o
 .ARM.attributes
                0x000002cf       0x33 ..\obj\SysTick.o
 .ARM.attributes
                0x00000302       0x33 ..\obj\stm32f10x_i2c.o
 .ARM.attributes
                0x00000335       0x33 ..\obj\main.o
 .ARM.attributes
                0x00000368       0x2d d:/programs/gnu tools arm embedded/4.9 2015q1/bin/../lib/gcc/arm-none-eabi/4.9.3/../../../../arm-none-eabi/lib/armv7-m\libg.a(lib_a-impure.o)
 .ARM.attributes
                0x00000395       0x2d d:/programs/gnu tools arm embedded/4.9 2015q1/bin/../lib/gcc/arm-none-eabi/4.9.3/../../../../arm-none-eabi/lib/armv7-m\libg.a(lib_a-__call_atexit.o)
 .ARM.attributes
                0x000003c2       0x2d d:/programs/gnu tools arm embedded/4.9 2015q1/bin/../lib/gcc/arm-none-eabi/4.9.3/../../../../arm-none-eabi/lib/armv7-m\libg.a(lib_a-atexit.o)
 .ARM.attributes
                0x000003ef       0x2d d:/programs/gnu tools arm embedded/4.9 2015q1/bin/../lib/gcc/arm-none-eabi/4.9.3/../../../../arm-none-eabi/lib/armv7-m\libg.a(lib_a-fini.o)
 .ARM.attributes
                0x0000041c       0x2d d:/programs/gnu tools arm embedded/4.9 2015q1/bin/../lib/gcc/arm-none-eabi/4.9.3/../../../../arm-none-eabi/lib/armv7-m\libg.a(lib_a-__atexit.o)
 .ARM.attributes
                0x00000449       0x2d d:/programs/gnu tools arm embedded/4.9 2015q1/bin/../lib/gcc/arm-none-eabi/4.9.3/armv7-m/crtend.o
 .ARM.attributes
                0x00000476       0x1d d:/programs/gnu tools arm embedded/4.9 2015q1/bin/../lib/gcc/arm-none-eabi/4.9.3/armv7-m/crtn.o

.comment        0x00000000       0x70
 .comment       0x00000000       0x70 ..\obj\LED.o
                                 0x71 (size before relaxing)
 .comment       0x00000000       0x71 ..\obj\stm32f10x_usart.o
 .comment       0x00000000       0x71 ..\obj\NVIC.o
 .comment       0x00000000       0x71 ..\obj\stm32f10x_rcc.o
 .comment       0x00000000       0x71 ..\obj\misc.o
 .comment       0x00000000       0x71 ..\obj\stm32f10x_gpio.o
 .comment       0x00000000       0x71 ..\obj\USART.o
 .comment       0x00000000       0x71 ..\obj\I2C.o
 .comment       0x00000000       0x71 ..\obj\motor.o
 .comment       0x00000000       0x71 ..\obj\system_stm32f10x.o
 .comment       0x00000000       0x71 ..\obj\APBClocks.o
 .comment       0x00000000       0x71 ..\obj\ADC.o
 .comment       0x00000000       0x71 ..\obj\SysTick.o
 .comment       0x00000000       0x71 ..\obj\stm32f10x_i2c.o
 .comment       0x00000000       0x71 ..\obj\main.o

.debug_info     0x00000000     0x5489
 .debug_info    0x00000000      0x216 ..\obj\LED.o
 .debug_info    0x00000216      0x9e8 ..\obj\stm32f10x_usart.o
 .debug_info    0x00000bfe      0x2a4 ..\obj\NVIC.o
 .debug_info    0x00000ea2      0x88d ..\obj\stm32f10x_rcc.o
 .debug_info    0x0000172f      0x53d ..\obj\misc.o
 .debug_info    0x00001c6c      0x6e7 ..\obj\stm32f10x_gpio.o
 .debug_info    0x00002353      0xab5 ..\obj\USART.o
 .debug_info    0x00002e08      0x4bc ..\obj\I2C.o
 .debug_info    0x000032c4      0x477 ..\obj\motor.o
 .debug_info    0x0000373b      0x479 ..\obj\system_stm32f10x.o
 .debug_info    0x00003bb4       0xd3 ..\obj\APBClocks.o
 .debug_info    0x00003c87       0xe3 ..\obj\startup_stm32f10x_md.o
 .debug_info    0x00003d6a      0x3d1 ..\obj\ADC.o
 .debug_info    0x0000413b      0x6bd ..\obj\SysTick.o
 .debug_info    0x000047f8      0xb00 ..\obj\stm32f10x_i2c.o
 .debug_info    0x000052f8      0x191 ..\obj\main.o

.debug_abbrev   0x00000000     0x12d9
 .debug_abbrev  0x00000000       0xe0 ..\obj\LED.o
 .debug_abbrev  0x000000e0      0x162 ..\obj\stm32f10x_usart.o
 .debug_abbrev  0x00000242       0xc4 ..\obj\NVIC.o
 .debug_abbrev  0x00000306      0x1ba ..\obj\stm32f10x_rcc.o
 .debug_abbrev  0x000004c0      0x145 ..\obj\misc.o
 .debug_abbrev  0x00000605      0x1c8 ..\obj\stm32f10x_gpio.o
 .debug_abbrev  0x000007cd      0x211 ..\obj\USART.o
 .debug_abbrev  0x000009de      0x15b ..\obj\I2C.o
 .debug_abbrev  0x00000b39      0x112 ..\obj\motor.o
 .debug_abbrev  0x00000c4b      0x14c ..\obj\system_stm32f10x.o
 .debug_abbrev  0x00000d97       0x79 ..\obj\APBClocks.o
 .debug_abbrev  0x00000e10       0x12 ..\obj\startup_stm32f10x_md.o
 .debug_abbrev  0x00000e22      0x109 ..\obj\ADC.o
 .debug_abbrev  0x00000f2b      0x188 ..\obj\SysTick.o
 .debug_abbrev  0x000010b3      0x164 ..\obj\stm32f10x_i2c.o
 .debug_abbrev  0x00001217       0xc2 ..\obj\main.o

.debug_aranges  0x00000000      0x208
 .debug_aranges
                0x00000000       0x20 ..\obj\LED.o
 .debug_aranges
                0x00000020       0x20 ..\obj\stm32f10x_usart.o
 .debug_aranges
                0x00000040       0x20 ..\obj\NVIC.o
 .debug_aranges
                0x00000060       0x20 ..\obj\stm32f10x_rcc.o
 .debug_aranges
                0x00000080       0x20 ..\obj\misc.o
 .debug_aranges
                0x000000a0       0x20 ..\obj\stm32f10x_gpio.o
 .debug_aranges
                0x000000c0       0x20 ..\obj\USART.o
 .debug_aranges
                0x000000e0       0x20 ..\obj\I2C.o
 .debug_aranges
                0x00000100       0x20 ..\obj\motor.o
 .debug_aranges
                0x00000120       0x20 ..\obj\system_stm32f10x.o
 .debug_aranges
                0x00000140       0x20 ..\obj\APBClocks.o
 .debug_aranges
                0x00000160       0x28 ..\obj\startup_stm32f10x_md.o
 .debug_aranges
                0x00000188       0x20 ..\obj\ADC.o
 .debug_aranges
                0x000001a8       0x20 ..\obj\SysTick.o
 .debug_aranges
                0x000001c8       0x20 ..\obj\stm32f10x_i2c.o
 .debug_aranges
                0x000001e8       0x20 ..\obj\main.o

.debug_line     0x00000000     0x2562
 .debug_line    0x00000000      0x21a ..\obj\LED.o
 .debug_line    0x0000021a      0x30e ..\obj\stm32f10x_usart.o
 .debug_line    0x00000528      0x200 ..\obj\NVIC.o
 .debug_line    0x00000728      0x312 ..\obj\stm32f10x_rcc.o
 .debug_line    0x00000a3a      0x1f1 ..\obj\misc.o
 .debug_line    0x00000c2b      0x2b7 ..\obj\stm32f10x_gpio.o
 .debug_line    0x00000ee2      0x322 ..\obj\USART.o
 .debug_line    0x00001204      0x28f ..\obj\I2C.o
 .debug_line    0x00001493      0x225 ..\obj\motor.o
 .debug_line    0x000016b8      0x239 ..\obj\system_stm32f10x.o
 .debug_line    0x000018f1      0x1fc ..\obj\APBClocks.o
 .debug_line    0x00001aed       0xd4 ..\obj\startup_stm32f10x_md.o
 .debug_line    0x00001bc1      0x22e ..\obj\ADC.o
 .debug_line    0x00001def      0x21f ..\obj\SysTick.o
 .debug_line    0x0000200e      0x312 ..\obj\stm32f10x_i2c.o
 .debug_line    0x00002320      0x242 ..\obj\main.o

.debug_str      0x00000000     0x1d8d
 .debug_str     0x00000000      0x298 ..\obj\LED.o
                                0x2eb (size before relaxing)
 .debug_str     0x00000298      0x54c ..\obj\stm32f10x_usart.o
                                0x6b6 (size before relaxing)
 .debug_str     0x000007e4      0x38e ..\obj\NVIC.o
                                0x538 (size before relaxing)
 .debug_str     0x00000b72      0x420 ..\obj\stm32f10x_rcc.o
                                0x640 (size before relaxing)
 .debug_str     0x00000f92      0x1de ..\obj\misc.o
                                0x3e4 (size before relaxing)
 .debug_str     0x00001170      0x290 ..\obj\stm32f10x_gpio.o
                                0x53f (size before relaxing)
 .debug_str     0x00001400      0x20f ..\obj\USART.o
                                0x8b5 (size before relaxing)
 .debug_str     0x0000160f       0xe6 ..\obj\I2C.o
                                0x491 (size before relaxing)
 .debug_str     0x000016f5       0x74 ..\obj\motor.o
                                0x43f (size before relaxing)
 .debug_str     0x00001769       0xe6 ..\obj\system_stm32f10x.o
                                0x316 (size before relaxing)
 .debug_str     0x0000184f       0x48 ..\obj\APBClocks.o
                                0x180 (size before relaxing)
 .debug_str     0x00001897       0xb4 ..\obj\ADC.o
                                0x3d3 (size before relaxing)
 .debug_str     0x0000194b       0x80 ..\obj\SysTick.o
                                0x64a (size before relaxing)
 .debug_str     0x000019cb      0x378 ..\obj\stm32f10x_i2c.o
                                0x68c (size before relaxing)
 .debug_str     0x00001d43       0x4a ..\obj\main.o
                                0x247 (size before relaxing)

.debug_frame    0x00000000     0x176c
 .debug_frame   0x00000000       0x34 ..\obj\LED.o
 .debug_frame   0x00000034      0x490 ..\obj\stm32f10x_usart.o
 .debug_frame   0x000004c4       0x34 ..\obj\NVIC.o
 .debug_frame   0x000004f8      0x4f4 ..\obj\stm32f10x_rcc.o
 .debug_frame   0x000009ec       0xd8 ..\obj\misc.o
 .debug_frame   0x00000ac4      0x2d0 ..\obj\stm32f10x_gpio.o
 .debug_frame   0x00000d94       0xe4 ..\obj\USART.o
 .debug_frame   0x00000e78       0x80 ..\obj\I2C.o
 .debug_frame   0x00000ef8       0x78 ..\obj\motor.o
 .debug_frame   0x00000f70       0x98 ..\obj\system_stm32f10x.o
 .debug_frame   0x00001008       0x2c ..\obj\APBClocks.o
 .debug_frame   0x00001034       0x54 ..\obj\ADC.o
 .debug_frame   0x00001088       0x94 ..\obj\SysTick.o
 .debug_frame   0x0000111c      0x530 ..\obj\stm32f10x_i2c.o
 .debug_frame   0x0000164c       0x48 ..\obj\main.o
 .debug_frame   0x00001694       0x50 d:/programs/gnu tools arm embedded/4.9 2015q1/bin/../lib/gcc/arm-none-eabi/4.9.3/../../../../arm-none-eabi/lib/armv7-m\libg.a(lib_a-__call_atexit.o)
 .debug_frame   0x000016e4       0x20 d:/programs/gnu tools arm embedded/4.9 2015q1/bin/../lib/gcc/arm-none-eabi/4.9.3/../../../../arm-none-eabi/lib/armv7-m\libg.a(lib_a-atexit.o)
 .debug_frame   0x00001704       0x34 d:/programs/gnu tools arm embedded/4.9 2015q1/bin/../lib/gcc/arm-none-eabi/4.9.3/../../../../arm-none-eabi/lib/armv7-m\libg.a(lib_a-fini.o)
 .debug_frame   0x00001738       0x34 d:/programs/gnu tools arm embedded/4.9 2015q1/bin/../lib/gcc/arm-none-eabi/4.9.3/../../../../arm-none-eabi/lib/armv7-m\libg.a(lib_a-__atexit.o)

.debug_ranges   0x00000000       0x38
 .debug_ranges  0x00000000       0x18 ..\obj\USART.o
 .debug_ranges  0x00000018       0x20 ..\obj\startup_stm32f10x_md.o
